// Jest Snapshot v1, https://goo.gl/fbAQLP

exports[`DataGrid should render correctly 1`] = `
<div>
  <div
    class="mikto-table"
    style="width: 100%;"
  >
    <table
      id="grid1"
      style="width: 100%; background-color: rgb(0, 0, 0);"
    >
      <thead>
        <tr>
          <th
            class="mikto-header-sort-dark"
            draggable="true"
            id="table-header-grid1-0"
            style="text-align: center;"
          >
            <span
              style="width: 80%; cursor: pointer;"
            >
              ID
            </span>
            <span
              class="mikto-grid-chevron down"
              style="width: 20%; float: right; text-align: center;"
            />
          </th>
          <th
            class="mikto-header-sort-dark"
            draggable="true"
            id="table-header-grid1-1"
            style="text-align: left;"
          >
            <span
              style="width: 80%; cursor: pointer;"
            >
              Name
            </span>
            <span
              class="mikto-grid-chevron down"
              style="width: 20%; float: right; text-align: center;"
            />
          </th>
          <th
            class="mikto-header-sort-dark"
            draggable="true"
            id="table-header-grid1-2"
            style="text-align: center;"
          >
            <span
              style="width: 80%; cursor: pointer;"
            >
              #
            </span>
            <span
              class="mikto-grid-chevron down"
              style="width: 20%; float: right; text-align: center;"
            />
          </th>
          <th
            class="mikto-header-sort-dark"
            draggable="true"
            id="table-header-grid1-3"
            style="text-align: center;"
          >
            <span
              style="width: 80%; cursor: pointer;"
            >
              Active
            </span>
            <span
              class="mikto-grid-chevron down"
              style="width: 20%; float: right; text-align: center;"
            />
          </th>
          <th
            class="mikto-header-sort-dark"
            draggable="true"
            id="table-header-grid1-4"
          >
            <span
              style="width: 80%; cursor: pointer;"
            >
              Sum1
            </span>
            <span
              class="mikto-grid-chevron down"
              style="width: 20%; float: right; text-align: center;"
            />
          </th>
        </tr>
      </thead>
      <tbody>
        <tr
          class="mikto-table-row-dark"
        >
          <td
            style="text-align: center;"
          >
            1
          </td>
          <td
            style="text-align: left;"
          >
            IGA 001
          </td>
          <td
            style="text-align: center;"
          >
            001
          </td>
          <td
            style="text-align: center;"
          />
          <td />
        </tr>
        <tr
          class="mikto-table-row-dark"
        >
          <td
            style="text-align: center;"
          >
            2
          </td>
          <td
            style="text-align: left;"
          >
            IGA 002
          </td>
          <td
            style="text-align: center;"
          >
            002
          </td>
          <td
            style="text-align: center;"
          />
          <td />
        </tr>
        <tr
          class="mikto-table-row-dark"
        >
          <td
            style="text-align: center;"
          >
            3
          </td>
          <td
            style="text-align: left;"
          >
            IGA 003
          </td>
          <td
            style="text-align: center;"
          >
            003
          </td>
          <td
            style="text-align: center;"
          />
          <td />
        </tr>
      </tbody>
    </table>
    <div
      id="mikto-columns-grid1"
    />
    <div
      id="mikto-filter-grid1"
    />
  </div>
</div>
`;
