// Jest Snapshot v1, https://goo.gl/fbAQLP

exports[`Tab should be active tab 1`] = `
<div>
  <li
    class="tab-list-item tab-list-active"
    id="tab1"
  />
</div>
`;

exports[`Tab should render correctly 1`] = `
<div>
  <li
    class="tab-list-item tab-list-active"
    id="tab1"
  />
</div>
`;
