// Jest Snapshot v1, https://goo.gl/fbAQLP

exports[`OutlineButton should render correctly 1`] = `
<div>
  <button
    class="btn default"
  >
    Hello
  </button>
</div>
`;
